../Core/Src/main.c:48:6:setPWM	24	static
../Core/Src/main.c:137:10:custom_SSI_handler	24	static
../Core/Src/main.c:195:14:setRED	32	static
../Core/Src/main.c:207:14:setGRN	32	static
../Core/Src/main.c:219:14:setBLU	24	static
../Core/Src/main.c:232:14:setALL	40	static
../Core/Src/main.c:273:5:main	48	static
../Core/Src/main.c:349:6:SystemClock_Config	88	static
../Core/Src/main.c:399:13:MX_TIM3_Init	64	static
../Core/Src/main.c:458:13:MX_TIM12_Init	56	static
../Core/Src/main.c:510:13:MX_USART3_UART_Init	8	static
../Core/Src/main.c:545:13:MX_USB_OTG_FS_PCD_Init	8	static
../Core/Src/main.c:580:13:MX_GPIO_Init	56	static
../Core/Src/main.c:641:6:StartDefaultTask	16	static
../Core/Src/main.c:672:6:HAL_TIM_PeriodElapsedCallback	16	static
../Core/Src/main.c:689:6:Error_Handler	4	static,ignoring_inline_asm
