../Core/Src/main.c:47:6:setPWM	24	static
../Core/Src/main.c:133:10:custom_SSI_handler	24	static
../Core/Src/main.c:192:14:setRED	32	static
../Core/Src/main.c:201:14:setGRN	32	static
../Core/Src/main.c:211:14:setBLU	24	static
../Core/Src/main.c:224:14:setALL	40	static
../Core/Src/main.c:265:5:main	48	static
../Core/Src/main.c:341:6:SystemClock_Config	88	static
../Core/Src/main.c:391:13:MX_ADC1_Init	24	static
../Core/Src/main.c:443:13:MX_TIM3_Init	64	static
../Core/Src/main.c:502:13:MX_TIM12_Init	56	static
../Core/Src/main.c:554:13:MX_USART3_UART_Init	8	static
../Core/Src/main.c:589:13:MX_USB_OTG_FS_PCD_Init	8	static
../Core/Src/main.c:624:13:MX_GPIO_Init	56	static
../Core/Src/main.c:685:6:StartDefaultTask	16	static
../Core/Src/main.c:718:6:HAL_TIM_PeriodElapsedCallback	16	static
../Core/Src/main.c:735:6:Error_Handler	4	static,ignoring_inline_asm
