../Core/Src/main.c:110:5:main	88	static
../Core/Src/main.c:197:6:SystemClock_Config	88	static
../Core/Src/main.c:247:13:MX_ETH_Init	8	static
../Core/Src/main.c:292:13:MX_TIM3_Init	64	static
../Core/Src/main.c:351:13:MX_TIM12_Init	56	static
../Core/Src/main.c:403:13:MX_USART3_UART_Init	8	static
../Core/Src/main.c:435:13:MX_USB_OTG_FS_PCD_Init	8	static
../Core/Src/main.c:467:13:MX_GPIO_Init	56	static
../Core/Src/main.c:519:6:setLed	16	static
../Core/Src/main.c:542:6:setPWM	24	static
../Core/Src/main.c:603:6:StartDefaultTask	16	static
../Core/Src/main.c:622:6:SetPwmTask	32	static
../Core/Src/main.c:677:6:HAL_TIM_PeriodElapsedCallback	16	static
../Core/Src/main.c:692:6:Error_Handler	4	static,ignoring_inline_asm
