../Core/Src/main.c:114:5:main	88	static
../Core/Src/main.c:201:6:SystemClock_Config	88	static
../Core/Src/main.c:251:13:MX_ETH_Init	8	static
../Core/Src/main.c:296:13:MX_TIM3_Init	64	static
../Core/Src/main.c:355:13:MX_TIM12_Init	56	static
../Core/Src/main.c:407:13:MX_USART3_UART_Init	8	static
../Core/Src/main.c:439:13:MX_USB_OTG_FS_PCD_Init	8	static
../Core/Src/main.c:471:13:MX_GPIO_Init	56	static
../Core/Src/main.c:523:6:setLed	16	static
../Core/Src/main.c:536:6:setPWM	24	static
../Core/Src/main.c:587:6:checkFlag	8	static
../Core/Src/main.c:600:6:killSwitch	8	static
../Core/Src/main.c:620:6:StartDefaultTask	16	static
../Core/Src/main.c:640:6:SetPwmTask	24	static
../Core/Src/main.c:691:6:HAL_TIM_PeriodElapsedCallback	16	static
../Core/Src/main.c:706:6:Error_Handler	4	static,ignoring_inline_asm
