../Core/Src/main.c:81:5:main	72	static
../Core/Src/main.c:151:6:SystemClock_Config	88	static
../Core/Src/main.c:201:13:MX_ADC1_Init	24	static
../Core/Src/main.c:253:13:MX_TIM2_Init	40	static
../Core/Src/main.c:298:13:MX_TIM4_Init	64	static
../Core/Src/main.c:357:13:MX_USART3_UART_Init	8	static
../Core/Src/main.c:392:13:MX_USB_OTG_FS_PCD_Init	8	static
../Core/Src/main.c:425:13:MX_DMA_Init	16	static
../Core/Src/main.c:447:13:MX_GPIO_Init	56	static
../Core/Src/main.c:537:6:Error_Handler	4	static,ignoring_inline_asm
