../Core/Src/main.c:91:13:mqtt_incoming_publish_cb	24	static
../Core/Src/main.c:99:13:mqtt_incoming_data_cb	24	static
../Core/Src/main.c:129:13:mqtt_sub_request_cb	16	static
../Core/Src/main.c:141:13:mqtt_connection_cb	40	static
../Core/Src/main.c:163:13:example_do_connect	64	static
../Core/Src/main.c:208:13:mqtt_pub_request_cb	16	static
../Core/Src/main.c:215:6:example_publish	48	static
../Core/Src/main.c:236:5:main	48	static
../Core/Src/main.c:310:6:SystemClock_Config	88	static
../Core/Src/main.c:359:13:MX_ADC1_Init	24	static
../Core/Src/main.c:411:13:MX_USART3_UART_Init	8	static
../Core/Src/main.c:446:13:MX_USB_OTG_FS_PCD_Init	8	static
../Core/Src/main.c:481:13:MX_GPIO_Init	56	static
../Core/Src/main.c:542:6:StartDefaultTask	72	static
../Core/Src/main.c:643:6:HAL_TIM_PeriodElapsedCallback	16	static
../Core/Src/main.c:660:6:Error_Handler	4	static,ignoring_inline_asm
