18:18:42 **** Incremental Build of configuration Debug for project ECE471_Hw3 ****
make -j20 all 
arm-none-eabi-gcc "../Core/Src/main.c" -mcpu=cortex-m7 -std=gnu11 -g3 -DDEBUG -DUSE_HAL_DRIVER -DSTM32F746xx -c -I../Core/Inc -I../Drivers/STM32F7xx_HAL_Driver/Inc -I../Drivers/STM32F7xx_HAL_Driver/Inc/Legacy -I../Drivers/CMSIS/Device/ST/STM32F7xx/Include -I../Drivers/CMSIS/Include -O0 -ffunction-sections -fdata-sections -Wall -fstack-usage -fcyclomatic-complexity -MMD -MP -MF"Core/Src/main.d" -MT"Core/Src/main.o" --specs=nano.specs -mfpu=fpv5-sp-d16 -mfloat-abi=hard -mthumb -o "Core/Src/main.o"
arm-none-eabi-gcc -o "ECE471_Hw3.elf" @"objects.list"   -mcpu=cortex-m7 -T"C:\Users\sucit\OneDrive\Documents\Repositories\ECE_471\ECE471_Hw3\STM32F746ZGTX_FLASH.ld" --specs=nosys.specs -Wl,-Map="ECE471_Hw3.map" -Wl,--gc-sections -static --specs=nano.specs -mfpu=fpv5-sp-d16 -mfloat-abi=hard -mthumb -Wl,--start-group -lc -lm -Wl,--end-group
Finished building target: ECE471_Hw3.elf
 
arm-none-eabi-size   ECE471_Hw3.elf 
arm-none-eabi-objdump -h -S  ECE471_Hw3.elf  > "ECE471_Hw3.list"
   text	   data	    bss	    dec	    hex	filename
  19124	     20	   3084	  22228	   56d4	ECE471_Hw3.elf
Finished building: default.size.stdout
 
Finished building: ECE471_Hw3.list
 

18:18:44 Build Finished. 0 errors, 0 warnings. (took 2s.374ms)

